0,"Hero"
1,"Death_Knight"
2,"Asmodheus"
3,"Asmodheus_Gargoyle_1"
4,"Asmodheus_Gargoyle_2"
5,"Asmodheus_Gargoyle_3"
6,"Asmodheus_Healer"
7,"Raanaar_Leader"
8,"Taxlehix"
9,"Temple_Guard"
10,"Black_Bishop"
11,"Raanaar_Prisoner"
12,"Samuel"
13,"Kiya"
14,"Temple_Merchant"
15,"Crazy_Barnabus"
16,"Temple_Assassin_1"
17,"Temple_Assassin_2"
18,"Temple_Assassin_Guard1"
19,"Raanaar_Crypt_Ghost"
20,"Oren"
21,"Hunting_Imp_1"
22,"Hunting_Imp_2"
23,"Raanaar_Avatar"
24,"Raanaar_Blackmail_Ghost"
25,"Academy_Door_Dummy"
26,"Necromancer"
27,"Lizard_King"
28,"Lizard_Guard"
29,"Lizard_Priestess"
30,"Swamp_Farmer"
31,"Wastelands_Villager1"
32,"Wastelands_Villager2"
33,"Wastelands_Villager3"
34,"Wastelands_Mine_Imp"
35,"Wastelands_Mine_Imp_Leader"
36,"Asmodheus_Quiz_Imp"
37,"Raanaar_Avatar_Fighter_1"
38,"Raanaar_Avatar_Fighter_2"
39,"Raanaar_Avatar_Fighter_3"
40,"Dummy"
41,"Ambush_Soldier"
42,"Ambush_Deathknight"
43,"Camp_General"
44,"Camp_Merchant"
45,"Camp_Young_Mage"
46,"Camp_Soldier"
47,"Camp_Experienced_Mage"
48,"Soldiers_Camp_Guard"
49,"Soldiers_Camp_Soldier1"
50,"Soldiers_Camp_Soldier2"
51,"Spirit_Of_the_Forest"
52,"Blocking_Monster"
53,"Crowded_Cave_Monster1"
54,"Crowded_Cave_Monster2"
55,"Crowded_Cave_Monster3"
56,"Crowded_Cave_Monster4"
57,"Crowded_Cave_Demon_Boss"
58,"Raanaar_Outpost1"
59,"Raanaar_Outpost2"
60,"Raanaar_Attacked1"
61,"Raanaar_Attacked2"
62,"Raanaar_Attacked_Monster1"
63,"Raanaar_Attacked_Monster2"
64,"Raanaar_Attacked_Monster3"
65,"Raanaar_Attacked_Monster4"
66,"Raanaar_Attacked_Monster5"
67,"Raanaar_Rebel1"
68,"Raanaar_Rebel_Monster"
69,"Raanaar_Rebel_Monster_Rat1"
70,"Raanaar_Rebel_Monster_Rat2"
71,"Raanaar_Rebel_Monster_Rat3"
72,"Raanaar_Rebel_Monster_Rat4"
73,"Raanaar_Rebel_Monster_Rat5"
74,"Raanaar_Rebel_Monster_Rat6"
75,"Raanaar_Rebel_Monster_Rat7"
76,"Raanaar_Rebel_Monster_Rat8"
77,"Raanaar_Rebel_Monster_Rat9"
78,"Raanaar_Rebel_Monster_Rat10"
79,"Raanaar_Rebel2"
80,"Raanaar_Rebel3"
81,"Raanaar_Rebel_Elder"
82,"Zandalor"
83,"Statue_Dialog_Dummy"
84,"Two_Corridors_Monster"
85,"Three_Corridors_Monster1"
86,"Three_Corridors_Monster2"
87,"Three_Corridors_Boss_Monster"
88,"Riddling_Demon"
89,"Human_Bard_Kyrill"
90,"Cytha"
91,"Raanaar_Librarian1"
92,"Raanaar_Librarian2"
93,"Raanaar_Librarian3"
94,"Raanaar_Head_Librarian"
95,"Key_Tree_Dialog_Dummy"
96,"Teleporter_Warning_Imp"
97,"Teleporter_Warning_Raanaar"
98,"Raanaar_Lost_Party1"
99,"Raanaar_Lost_Party2"
100,"Raanaar_Lost_Party3"
101,"Raanaar_Traitor"
102,"Raanaar_Rebel4"
103,"Serrick"
104,"Serrick_Entrance_Guard"
105,"Serrick_Follower1"
106,"Serrick_Follower2"
107,"Serrick_Follower3"
108,"Serrick_Follower4"
109,"Assassin_Talk1"
110,"Assassin_Talk2"
111,"Temple_Barkeeper"
112,"Temple_Billboard"
113,"Temple_Directions"
114,"Temple_Father"
115,"Temple_Son"
116,"Temple_Rebel_Talk1"
117,"Temple_Rebel_Talk2"
118,"Temple_Tibar_Talk1"
119,"Temple_Tibar_Talk2"
120,"Temple_Thief_Merchant"
121,"Temple_Church_Merchant"
122,"Merchant_Cart"
123,"Mutant_Leader"
124,"Mutant1"
125,"Mutant2"
126,"Mutant3"
127,"Mutant4"
128,"Giant_Water_Elemental"
129,"Temple_Mage_Merchant"
130,"Imp_Frog_in_Well"
131,"Temple_Small_Boy_Fred"
132,"Temple_Heroes_House"
133,"Temple_Male_Thief"
134,"Temple_Female_Warrior"
135,"Temple_Male_Mage"
136,"Temple_Female_Mage"
137,"Temple_Male_Warrior_Mage"
138,"Temple_Rule_Note_Dummy"
139,"Temple_Hidden_Treasure_Soldier"
140,"Temple_Warehouse_Guard"
141,"Temple_Little_Innocent_Child"
142,"Temple_Rat_Man1"
143,"Temple_Rat_Man2"
144,"Temple_Rat_Man3"
145,"Temple_Race_Rat1"
146,"Temple_Race_Rat2"
147,"Temple_Smith"
148,"Demon_In_Mine"
149,"Temple_Tavern_Guest1"
150,"Temple_Tavern_Guest2"
151,"Temple_Tavern_Guest3"
152,"Temple_Tavern_Guest4"
153,"Temple_General"
154,"Temple_Commander1"
155,"Temple_Commander2"
156,"Temple_Commander3"
157,"Temple_Commander4"
158,"Keeper_Of_Ranks"
159,"Temple_Monk1"
160,"Temple_Monk2"
161,"Temple_Monk3"
162,"Temple_Monk_Monster"
163,"Raanaar_First_Contact_Leader"
164,"Raanaar_First_Contact1"
165,"Raanaar_First_Contact2"
166,"Raanaar_First_Contact3"
167,"Raanaar_First_Contact4"
168,"Raanaar_First_Contact5"
169,"Raanaar_First_Contact6"
170,"Raanaar_First_Contact7"
171,"Raanaar_First_Contact8"
172,"Raanaar_First_Contact9"
173,"Raanaar_First_Contact10"
174,"Bathing_Demon1"
175,"Bathing_Demon2"
176,"Temple_Tibar_Wizard"
177,"Temple_Tibar_Witch"
178,"Raanaar_Rebel5"
179,"Imp_Historian_Act3"
180,"Cursed_Crystal_Man"
181,"Black_Imp_Act3"
182,"Witch_Raven"
183,"Oren_Monster1"
184,"Oren_Monster2"
185,"Oren_Monster3"
186,"Oren_Monster4"
187,"Hunting_Imp_3"
188,"Hunting_Imp_4"
189,"Temple_Assassin_Guard2"
190,"Temple_Assassin_Guard3"
191,"Lost_Relic_Monk"
192,"Earth_Elemental_King"
193,"Minor_Earth_Elemental1"
194,"Minor_Earth_Elemental2"
195,"Temple_Skeleton_Guard1"
196,"Temple_Skeleton_Guard2"
197,"Temple_Skeleton_Guard3"
198,"Temple_Skeleton_Guard4"
199,"Spirit_Altar_Dummy"
200,"Child_Mocking_Prisoner1"
201,"Child_Mocking_Prisoner2"
202,"Guard_Prisoner"
203,"Dummy_Change_To_Cytha"
204,"Raanaar_Statue"
205,"Raanaar_Book_Guard1"
206,"Raanaar_Book_Guard2"
207,"Goddess_War_Monster"
208,"Raanaar_Goddess"
209,"Rebel_Leader"
210,"Whore_Cellar_Witch"
211,"Asmodheus_Rebel_Leader"
212,"Bard_Fire_Elemental"
213,"Church_Entrance_Guard1"
214,"Church_Entrance_Guard2"
215,"Church_Ghost1"
216,"Church_Ghost2"
217,"Church_Ghost3"
218,"Church_Ghost4"
219,"Church_Ghost7"
220,"Church_Ghost8"
221,"Church_Ghost9"
222,"Church_Ghosts6"
223,"Curch_Ghost5"
224,"Haunted_Ruins_Monster1"
225,"Haunted_Ruins_Monster2"
226,"Haunted_Ruins_Monster21"
227,"Haunted_Ruins_Monster22"
228,"Haunted_Ruins_Monster23"
229,"Haunted_Ruins_Monster24"
230,"Haunted_Ruins_Monster3"
231,"Honour_Statue"
232,"Number_One_Guard"
233,"Temple_Gate_Guard1"
234,"Temple_Gate_Guard2"
235,"Temple_Prison_Guard1"
236,"Temple_Prison_Guard2"
237,"Test1_Soldier_Armed1"
238,"Test1_Soldier_Armed2"
239,"Test1_Soldier_Armed3"
240,"Test1_Soldier_Unarmed1"
241,"Test1_Soldier_Unarmed2"
242,"Test1_Soldier_Unarmed3"
243,"Tibar_Rat1"
244,"Tibar_Rat2"
245,"Tibar_Rat3"
246,"Tibar_Rat4"
247,"Tibar_Rat5"
248,"Pilar_Gold"
249,"Pilar_Crystal"
250,"Pilar_Wood"
251,"Pilar_Stone"
252,"Spirit_Altar1"
253,"Spirit_Altar2"
254,"Spirit_Altar3"
255,"Spirit_Altar4"
256,"Rock_Symbol"
