0,"Hero"
1,"Death_Knight"
2,"Citadel_Torture_Guard1"
3,"Citadel_Torture_Ghost"
4,"Citadel_Torture_Skull"
5,"Citadel_Torture_Imp_Slave"
6,"Citadel_Torture_Master"
7,"Citadel_Torture_Guard2"
8,"Citadel_Torture_Guard3"
9,"Citadel_Torture_Arena_Monster1"
10,"Citadel_Torture_Arena_Monster2"
11,"Citadel_Pit_Poisoned_Imp1"
12,"Citadel_Pit_Poisoned_Imp2"
13,"Citadel_Dungeon1_Imp_Taxlehixx"
14,"Citadel_Dungeon1_Boss_Monster"
15,"Citadel_Dungeon2_Arguing_Monster1"
16,"Citadel_Dungeon2_Arguing_Monster2"
17,"Citadel_Dungeon2_Tooth_Monster"
18,"Citadel_Dungeon2_Boss_Monster"
19,"Citadel_Maze_Gargoyle1"
20,"Citadel_Maze_Gargoyle2"
21,"Citadel_Maze_Gargoyle3"
22,"Citadel_Maze_Gargoyle4"
23,"Citadel_Maze_Gargoyle5"
24,"Citadel_Maze_Gargoyle6"
25,"Citadel_Maze_Illusion_Woman"
26,"Citadel_Maze_Illusion_Man1"
27,"Citadel_Maze_Illusion_Man2"
28,"Citadel_Maze_Illusion_Man3"
29,"Citadel_Maze_Illusion_Man4"
30,"Citadel_Maze_Illusion_Monster1"
31,"Citadel_Maze_Illusion_Monster2"
32,"Citadel_Maze_Illusion_Monster3"
33,"Citadel_Maze_Illusion_Monster4"
34,"Citadel_Maze_Illusion_Monster5"
35,"Citadel_Key_Stone_Golem"
36,"Citadel_Key_Gargoyle1"
37,"Citadel_Key_Gargoyle2"
38,"Citadel_Drill_Attacking_Guard"
39,"Citadel_Drill_Weapons_Officer"
40,"Citadel_Drill_Medical_Officer"
41,"Citadel_Drill_Infirmary_Soldier1"
42,"Citadel_Drill_Infirmary_Soldier2"
43,"Citadel_Drill_Infirmary_Soldier3"
44,"Citadel_Drill_Infirmary_Soldier4"
45,"Citadel_Drill_Officer"
46,"Citadel_Drill_Ground_Soldier1"
47,"Citadel_Drill_Ground_Soldier2"
48,"Citadel_Drill_Ground_Soldier3"
49,"Citadel_Drill_Ground_Soldier4"
50,"Citadel_Drill_Ground_Patrol1"
51,"Citadel_Drill_Ground_Patrol2"
52,"Citadel_Drill_Ground_Patrol3"
53,"Citadel_Drill_Ground_Patrol4"
54,"Citadel_Drill_Ground_Guard1"
55,"Citadel_Drill_Ground_Guard2"
56,"Citadel_Drill_Ground_Guard3"
57,"Citadel_Drill_Ground_Guard4"
58,"Citadel_Drill_Military_Merchant"
59,"Citadel_Barracks_Military_Cook"
60,"Citadel_Barracks_Cook_Soldier1"
61,"Citadel_Barracks_Cook_Soldier2"
62,"Citadel_Barracks_Cook_Soldier3"
63,"Citadel_Barracks_Cook_Soldier4"
64,"Citadel_Barracks_Officer_Guard"
65,"Citadel_Barracks_Imp_Rats1"
66,"Citadel_Barracks_Imp_Rats2"
67,"Citadel_Barracks_Rat1"
68,"Citadel_Barracks_Rat2"
69,"Citadel_Barracks_Rat3"
70,"Citadel_Barracks_Rat4"
71,"Citadel_Barracks_Endroom_Guard1"
72,"Citadel_Barracks_Endroom_Guard2"
73,"Citadel_Barracks_Endroom_Guard3"
74,"Citadel_Barracks_Endroom_Guard4"
75,"Citadel_Barracks_Patrol1"
76,"Citadel_Barracks_Patrol2"
77,"Citadel_Barracks_Patrol3"
78,"Citadel_Barracks_Patrol4"
79,"Citadel_Barracks_Chess_Soldier"
80,"Citadel_Barracks_Weapons_Smith"
81,"Citadel_Barracks_Imp_Forge"
82,"Citadel_Samuel_Samuel"
83,"Citadel_Samuel_Death_Knight1"
84,"Citadel_Samuel_Death_Knight2"
85,"Citadel_Dungeon1_Chained_Monster1"
86,"Citadel_Dungeon1_Chained_Monster2"
87,"Citadel_Dungeon1_Chained_Monster3"
88,"Citadel_Dungeon1_Chained_Monster4"
89,"Citadel_Dungeon1_Chained_Monster5"
90,"Citadel_Drill_Ground_Instructor"
91,"Citadel_Drill_Ground_Instructor_Soldier"
92,"Dummy"
93,"Prison_Ghost_Monster"
94,"Prison_Monster_1"
95,"Prison_Monster_2"
96,"Citadel_Prison_Guard_1"
97,"Prison_Ghost_Rat1"
98,"Prison_Ghost_Rat2"
99,"Mad_Guy_Prison"
100,"Citadel_Tunnel_Rat1"
101,"Citadel_Tunnel_Rat2"
102,"Citadel_Tunnel_Rat3"
103,"Citadel_Tunnel_Skeleton"
104,"Citadel_Torture_Room_Corridor_Guard"
105,"Trap_Lever_Dummy"
106,"Citadel_Torture_Corridor_Guard2"
107,"Citadel_Torture_Kitchen_Imp"
108,"Citadel_Arena_Guard_1"
109,"Citadel_Arena_Guard_2"
110,"Storage_Rat"
111,"Storage_Rat2"
112,"Citadel_Living_Room_Soldier1"
113,"Citadel_Living_Room_Soldier2"
114,"Prison_Weak_Teacher"
115,"Citadel_Living_Room_Soldier3"
116,"Citadel_Living_Room_Soldier4"
117,"Citadel_Fighting_Imp"
118,"Pit_Rat1"
119,"Pit_Rat2"
120,"Pit_Rat3"
121,"Pit_Rat4"
122,"Pit_Rat5"
123,"Pit_Rat6"
124,"Pit_Rat7"
125,"Pit_Rat8"
126,"Pit_Level_Up_Dummy"
127,"Key_Level_Lever_Gargoyle1"
128,"Key_Level_Lever_Gargoyle2"
129,"Key_Level_Lever_Gargoyle3"
130,"Key_Level_Lever_Gargoyle4"
131,"Key_Level_Lever_Gargoyle5"
132,"Key_Level_Lever_Gargoyle6"
133,"Maze_Level_Skeleton1"
134,"Maze_Level_Skeleton2"
135,"Maze_Level_Skeleton3"
136,"Maze_Level_Skeleton4"
137,"Maze_Level_Statue_Dummy"
138,"Maze_Mage_Skeleton1"
139,"Maze_Ambush_Monster1"
140,"Maze_Ambush_Monster2"
141,"Maze_Chest_Rat1"
142,"Maze_Chest_Rat2"
143,"Maze_Chest_Rat3"
144,"Maze_Chest_Rat4"
145,"Maze_Chest_Rat5"
146,"Maze_Chest_Rat6"
147,"Maze_False_Imp"
148,"Maze_Shortcut_Dummy"
149,"Maze_False_Skeleton"
150,"Drill_Ground_Deathknight_Patrol1"
151,"Drill_Ground_Deathknight_Patrol2"
152,"Drill_Ground_Deathknight_Patrol3"
153,"Drill_Ground_Deathknight_Patrol4"
154,"Drill_Ground_Deathknight_Patrol5"
155,"Drill_Ground_Soldier_7"
156,"Drill_Ground_Chest_Ghost"
157,"Drill_Ground_Hiding_Soldier"
158,"Drill_Ground_Door_10_Dummy"
159,"Drill_Ground_Lever_11_Dummy"
160,"Drill_Ground_Lever_12_Dummy"
161,"Drill_Ground_Lever_13_Dummy"
162,"Drill_Ground_Lever_14_Dummy"
163,"Drill_Ground_Secret_Room_Monster"
164,"Drill_Ground_Lieutenant"
165,"Drill_Ground_Arrow_Maker_Imp"
166,"Drill_Ground_Dishwashing_Soldier"
167,"Drill_Ground_Sacrifice_Ghost"
168,"Drill_Ground_Parcours_Soldier"
169,"Drill_Ground_Dummy_Soldier_1"
170,"Drill_Ground_Dummy_Soldier_2"
171,"Drill_Ground_Dummy_Soldier_3"
172,"Drill_Ground_Archer_Contest_Soldier_1"
173,"Drill_Ground_Archer_Contest_Soldier_2"
174,"Drill_Ground_Archer_Contest_Soldier_4"
175,"Drill_Ground_Archer_Contest_Soldier_5"
176,"Drill_Ground_Archer_Contest_Soldier_6"
177,"Drill_Ground_Archer_Contest_Soldier_7"
178,"Drill_Ground_Archer_Contest_Soldier_8"
179,"Sacrifice_Scroll_Dummy_1"
180,"Sacrifice_Scroll_Dummy_2"
181,"Sacrifice_Scroll_Dummy_3"
182,"Sacrifice_Scroll_Dummy_4"
183,"Drill_Ground_Archer_Imp"
184,"Barracks_Deathknight_Patrol1"
185,"Barracks_Weapon_Guard_1"
186,"Barracks_Weapon_Guard_2"
187,"Barracks_Cleaning_Imp"
188,"Barracks_Bran_Ghost1"
189,"Barracks_Bran_Ghost2"
190,"Barracks_Bran_Ghost3"
191,"Barracks_Occupied_Dummy"
