0,"Hero"
1,"Death_Knight"
2,"Giant_Gate_Guard"
3,"Taxlehix"
4,"Imp_Spider_Forest_Patrol1"
5,"Imp_Spider_Forest_Patrol2"
6,"Imp_Spider_Forest_Patrol3"
7,"Imp_Spider_Forest_Prisoner"
8,"Imp_Guard_Spider_Forest"
9,"Imp_Chieftain"
10,"Imp_Merchant1"
11,"Imp_Merchant2"
12,"Imp_Chieftain_Fire_Guard"
13,"Imp_Chieftain_Son"
14,"Imp_Shaman"
15,"Imp_Herder_Son"
16,"Imp_Frog_Herder"
17,"Imp_Plague_Victim1"
18,"Imp_Plague_Victim2"
19,"Imp_Plague_Victim3"
20,"Imp_Plague_Victim4"
21,"Imp_Plague_Victim5"
22,"Imp_Village_Main_Gate_Guard"
23,"Imp_Spider_Ranger"
24,"Imp_Alchemist_House_Guard"
25,"Tree_Of_Insight"
26,"Imp_Mushroom_Farmer"
27,"Imp_Alchemist"
28,"Imp_Alchemist_Plague_Victim1"
29,"Imp_Alchemist_Plague_Victim2"
30,"Imp_Sage"
31,"Samuel"
32,"Samuel_Ghost"
33,"Asmodheus_Commoner1"
34,"Asmodheus_Commoner2"
35,"Asmodheus_Commoner3"
36,"Asmodheus_Commoner4"
37,"Necromancer"
38,"Necromancer_Abbey_Witch"
39,"Necromancer_Abbey_Paladin_Main"
40,"Necromancer_Abbey_Paladin1"
41,"Necromancer_Abbey_Paladin2"
42,"Necromancer_Abbey_Paladin3"
43,"Necromancer_Abbey_Paladin4"
44,"Necromancer_Tavern_Innkeeper"
45,"Necromancer_Tavern_Guest1"
46,"Necromancer_Tavern_Guest2"
47,"Necromancer_Tavern_Guest3"
48,"Necromancer_Tavern_Guest4"
49,"Necromancer_Little_Child1"
50,"Necromancer_Little_Child2"
51,"Necromancer_Little_Child3"
52,"Necromancer_Little_Child4"
53,"Necromancer_Little_Child5"
54,"Necromancer_Little_Child6"
55,"Necromancer_Little_Child7"
56,"Necromancer_Village_Grown_Up1"
57,"Necromancer_Village_Grown_Up2"
58,"Necromancer_Village_Grown_Up3"
59,"Necromancer_Village_Grown_Up4"
60,"Necromancer_Village_Grown_Up5"
61,"Necromancer_Village_Grown_Up6"
62,"Necromancer_Village_Grown_Up7"
63,"Necromancer_Tavern_Ghost1"
64,"Necromancer_Tavern_Ghost2"
65,"Necromancer_Tavern_Ghost3"
66,"Necromancer_Tavern_Patrick"
67,"Spores_Tibar1"
68,"Spores_Tibar2"
69,"Imp_Crazy_Mushroom"
70,"Imp_Graveyard_Wife"
71,"Imp_Graveyard_Crazy"
72,"Hole_Female_Imp"
73,"Hole_Male_Imp"
74,"Imp_Money_Chest"
75,"Imp_Collector1"
76,"Imp_Collector2"
77,"Monster_Money_Chest"
78,"Samuel_Tibar_Man"
79,"Imp_Talking_Mushroom"
80,"Imp_Money_Chest_Imp1"
81,"Imp_Money_Chest_Imp2"
82,"Imp_Money_Chest_Imp3"
83,"Imp_Money_Chest_Lich1"
84,"Imp_Money_Chest_Lich2"
85,"Imp_Money_Chest_Lich3"
86,"Imp_Money_Chest_Lich4"
87,"Imp_Potion_Needed"
88,"Imp_Special_Mushroom"
89,"Alchemist_Forest_Guard"
90,"Imp_Locked_Chest"
91,"Spider_Forest_Guard"
92,"Plague_Ghost"
93,"Imp_Merchant_Quest_Female"
94,"Imp_Cursed_Ring"
95,"Cursed_Ring_Skeleton1"
96,"Cursed_Ring_Skeleton2"
97,"Rescued_Imp1"
98,"Drunken_Soldier1"
99,"Drunken_Soldier2"
100,"Hole_Monster"
101,"Escaped_Soldier"
102,"Black_Imp"
103,"Invincible_Monster"
104,"Trapped_Skeleton"
105,"Labyrint_Imp"
106,"Paralyzed_Imp1"
107,"Paralyzed_Imp2"
108,"Paralyzed_Imp3"
109,"Paralyzed_Imp4"
110,"Paralyzed_Imp5"
111,"Paralyzed_Imp6"
112,"Imp_Pit"
113,"Imp_Historian"
114,"Spider_Queen_Servant"
115,"Spider_Poet"
116,"Muro"
117,"Love_Affair_Ghost"
118,"Love_Affair_Female1"
119,"Love_Affair_Female2"
120,"Hermit"
121,"Exhiled_Spider"
122,"Giant_Web_Spider"
123,"Spider_Altar1"
124,"Spider_Altar2
125,"Spider_Priest_Altar"
126,"Spider_Ambush_Lady"
127,"Spider_Queen_Guard"
128,"Imp_Hero"
129,"Imp_Hero_Wife"
130,"Imp_Hero_Giant_Spider"
131,"Imp_Hero_Crowd1"
132,"Imp_Hero_Crowd2"
133,"Imp_Hero_Crowd3"
134,"Imp_Hero_Crowd4"
135,"Imp_Hero_Crowd5"
136,"Imp_Hero_Giant_Spider_a"
137,"Fire_Elem_Candle1"
138,"Fire_Elem_Candle2"
139,"Fire_Elem_Candle3"
140,"Fire_Elem_Candle4"
141,"Bridge_Fire_Elem1"
142,"Bridge_Fire_Elem2"
143,"Bridge_Fire_Elem3"
144,"Bridge_Fire_Elem4"
145,"Bridge_Fire_Elem5"
146,"Bridge_Fire_Elem6"
147,"Fire_Elem_Egg0"
148,"Fire_Elem_Egg1"
149,"Fire_Elem_Egg2"
150,"Fire_Elem_Egg3"
151,"Fire_Elem_Egg4"
152,"Fire_Elem_Egg5"
153,"Fire_Elem_Egg6"
154,"Fire_Elem_Egg7"
155,"Fire_Elem_Egg8"
156,"Fire_Elem_Egg9"
157,"Fire_Elem_Egg10"
158,"Fire_Elem_Egg11"
159,"Spores_Tibar1a"
160,"Spores_Tibar2a"
161,"Spores_Tibar3"
162,"Spores_Tibar4"
163,"Spores_Tibar5"
164,"Spores_Tibar6"
165,"Spores_Tibar7"
166,"Spores_Tibar8"
167,"Spores_Tibar9"
168,"Spores_Tibar10"
169,"Raanaar_Tomb_Imp"
170,"Raanaar_Tomb_Ghost1"
171,"Raanaar_Tomb_Ghost2"
172,"Evil_Mushroom_Imp1"
173,"Evil_Mushroom_Imp2"
174,"Evil_Mushroom_Imp3"
175,"Evil_Mushroom_Imp4"
176,"Evil_Mushroom_Imp5"
177,"Evil_Mushroom_Imp6"
178,"Imp_Elf"
179,"Imp_Farmer"
180,"Imp_Farmer_Wife"
181,"Ritual_Ghost1"
182,"Ritual_Ghost2"
183,"Key_Toy_Monster"
184,"Dead_Imp_Tibar1"
185,"Dead_Imp_Tibar2"
186,"Dead_Imp_Tibar3"
187,"Dead_Imp_Tibar4"
188,"Spider_Eggs_Talking_Monster"
189,"Spider_Eggs_Hidden_Monster"
190,"Hatched_Spider"
191,"Captured_Imps_Spider"
192,"Spider_Priest"
193,"Spider_Priest_Servant1"
194,"Spider_Priest_Servant2"
195,"Spider_Web_Vandal1"
196,"Spider_Web_Vandal2"
197,"Spider_Web_Vandal3"
198,"Ambush_Spider1"
199,"Ambush_Spider2"
200,"Ambush_Spider3"
201,"Ambush_Spider4"
202,"Spider_Queen"
203,"Alchemist_Rat1"
204,"Alchemist_Rat2"
205,"Alchemist_Rat3"
206,"Alchemist_Rat4"
207,"Alchemist_Rat5"
208,"Alchemist_Rat6"
209,"Alchemist_Rat7"
210,"Cave_Monster1"
211,"Dummy"
212,"Escaped_Spider"
213,"Fire_Cave_Elemental"
214,"Frog_Killer"
215,"Imp_Herder_Frog1"
216,"Imp_Herder_Frog2"
217,"Imp_Herder_Frog3"
218,"Imp_Herder_Spider1"
219,"Imp_Herder_Spider2"
220,"Imp_Herder_Spider3"
221,"Imp_Herder_Spider4"
222,"Imp_Man"
223,"Imp_Woman"
224,"Prison_Guard1"
225,"Prison_Guard2"
226,"Prison_Guard3"
227,"Prison_Monster1"
228,"Prison_Monster2"
229,"Prison_Monster3"
230,"Spider_Prisoner_Village"
231,"Tavern_Guest4_Servant"
232,"Tavern_Waitress"
233,"Tibar_Scene_Samuel"
234,"TP_Stone_Monster"
235,"Village_Chicken"
236,Alchemist_Potion1
237,Alchemist_Potion2
238,Alchemist_Potion3
239,Alchemist_Potion4
240,Lich_Cave_Inscription
