0,"Hero"
1,"Death_Knight"
2,"Academy_Initial_Registration_Ghost"
3,"Academy_Initial_Knowledge_Instructor"
4,"Academy_Initial_Endurance_Instructor"
5,"Academy_Initial_Endurance_Imp"
6,"Academy_Initial_Endurance_Golem"
7,"Academy_Initial_Faith_Instructor"
8,"Academy_Initial_Faith_Torture_Imp"
9,"Academy_Initial_Faith_Imp1"
10,"Academy_Initial_Faith_Imp2"
11,"Academy_Initial_Faith_Imp3"
12,"Academy_Initial_Faith_Imp4"
13,"Academy_Initial_Faith_Imp5"
14,"Academy_Initial_Faith_Deathknight"
15,"Academy_Initial_Faith_Arch_Demon"
16,"Academy_Initial_Faith_Witch1"
17,"Academy_Initial_Faith_Witch2"
18,"Academy_Initial_Faith_Witch3"
19,"Academy_Initial_Faith_Witch4"
20,"Academy_Initial_Faith_Witch5"
21,"Academy_Initial_Faith_Goddess"
22,"Academy_Initial_Knowledge_Instructor_Final"
23,"Academy_Initial_Endurance_Instructor_Final"
24,"Academy_Initial_Faith_Instructor_Final"
25,"Academy_Tunnels_Taxlehix"
26,"Academy_Tunnels_Nixfix"
27,"Academy_Tunnels_Ghost_Mat"
28,"Academy_Tunnels_Frog"
29,"Academy_Tunnels_Monster"
30,"Academy_Basic_Training_Caged_Animal_Ghost"
31,"Academy_Basic_Training_Clerk_Ghost"
32,"Academy_Basic_Training_Female1"
33,"Academy_Basic_Training_Female2"
34,"Academy_Basic_Training_Female3"
35,"Academy_Basic_Training_Fixnix"
36,"Academy_Basic_Training_Component_Male1"
37,"Academy_Basic_Training_Component_Male2"
38,"Academy_Basic_Training_Imptalk_Male1"
39,"Academy_Basic_Training_Instructor"
40,"Academy_Basic_Training_Instructor_Summoning1"
41,"Academy_Basic_Training_Instructor_Summoning2"
42,"Academy_Basic_Training_Instructor_Summoning3"
43,"Academy_Basic_Training_Laboratory_Ghost"
44,"Academy_Basic_Training_Librarian_Ghost"
45,"Academy_Basic_Training_Male_Ghost3"
46,"Academy_Basic_Training_Male_Ghost2"
47,"Academy_Basic_Training_Merchant"
48,"Academy_Basic_Training_Priestess"
49,"Academy_Basic_Training_Samuel"
50,"Academy_Basic_Training_Summoning_Training"
51,"Academy_Basic_Training_Taxlehixx"
52,"Academy_Basic_Training_Teacher"
53,"Academy_Basic_Training_Statue_of_Ra"
54,"Academy_Advanced_Training_High_Elder"
55,"Academy_Advanced_Training_Closing_Rift_Ghost"
56,"Academy_Advanced_Training_Fleeing_Ghost"
57,"Academy_Advanced_Training_Samuel"
58,"Academy_Advanced_Training_Schroedinger_Ghost"
59,"Academy_Philo_Instructor"
60,"Academy_Philo_Cave_Ghost"
61,"Academy_Philo_Interfere_Ghost"
62,"Academy_Philo_Interfere_Prisoner1"
63,"Academy_Philo_Interfere_Prisoner2"
64,"Academy_Philo_Interfere_Monster1"
65,"Academy_Philo_Interfere_Monster2"
66,"Academy_Philo_Interfere_King1"
67,"Academy_Philo_Interfere_King2"
68,"Academy_Philo_Interfere_Guard"
69,"Academy_Philo_Interfere_Beggar"
70,"Academy_Philo_Interfere_Soldier"
71,"Academy_Philo_Interfere_Succubus"
72,"Academy_Philo_Focus_Ghost"
73,"Academy_Philo_Focus_Samuel"
74,"Academy_Philo_Focus_Gargoyle1"
75,"Academy_Philo_Focus_Gargoyle2"
76,"Academy_Philo_Focus_Gargoyle3"
77,"Academy_Philo_Conquering_Ghost"
78,"Academy_Philo_Priestess"
79,"Academy_Philo_Imptalk1"
80,"Academy_Philo_Imptalk2"
81,"Academy_Philo_Damiantalk1"
82,"Academy_Philo_Damiantalk2"
83,"Academy_Philo_Truth_Ghost"
84,"Academy_Philo_Truth_Mummy1"
85,"Academy_Philo_Truth_Mummy2"
86,"Academy_Philo_Amulet_Ghost"
87,"Academy_Philo_Merchant"
88,"Academy_Philo_Merchant_Student1"
89,"Academy_Philo_Merchant_Student2"
90,"Academy_Philo_Merchant_Student3"
91,"Academy_Philo_Merchant_Student4"
92,"Academy_Philo_Philosopher"
93,"Academy_Philo_Philosopher_Rat"
94,"Dummy"
95,"Academy_Rune_Monster_Chaos_Creature"
96,"Academy_Rune_Monster_Rat"
97,"Academy_Rune_Monster_Succubus"
98,"Academy_Rune_Monster_Demon"
99,"Academy_Rune_Monster_Imp"
100,"Academy_Rune_Monster_Golem"
101,"Academy_Rune_Monster_Mutant"
102,"Academy_Rune_Monster_Shadow"
103,"Academy_Rune_Monster_Critter"
104,"Academy_Rune_Monster_Spider"
105,"Academy_Rune_Monster_Gargoyle"
106,"Academy_Rune_Monster_Skeleton"
107,"Academy_Cage_Room_Monster1"
108,"Academy_Cage_Room_Monster2"
109,"Academy_Cage_Room_Monster3"
110,"Academy_Cage_Room_Monster4"
111,"Academy_Advanced_Training_Instructor"
112,"Academy_Advanced_Training_Rift_Instructor"
113,"Academy_Advanced_Training_Damian"
114,"Academy_Advanced_Training_Daughter"
115,"Academy_Initial_Demon_Invaders1"
116,"Academy_Initial_Demon_Invaders2"
117,"Academy_Initial_Demon_Invaders3"
118,"Academy_Initial_Demon_Invaders4"
119,"Academy_Initial_Imp_Duck"
120,"Academy_Initial_Raanaar_Test_Of_Faith1"
121,"Academy_Initial_Raanaar_Test_Of_Faith2"
122,"Academy_Initial_Raanaar_Test_Of_Endurance1"
123,"Academy_Initial_Raanaar_Test_Of_Endurance2"
124,"Academy_Initial_Raanaar_Test_Of_Knowledge1"
125,"Academy_Initial_Raanaar_Test_Of_Knowledge2"
126,"Academy_Initial_Raanaar_Imp_Trainer1"
127,"Academy_Initial_Raanaar_Imp_Trainer2"
128,"Academy_Initial_Mirror_Prisoner"
129,"Academy_Initial_Door_Dummy"
130,"Academy_Initial_Rusty_Door_Dummy"
131,"Academy_Initial_Lever_Dummy1"
132,"Academy_Initial_Lever_Dummy2"
133,"Academy_Initial_Region_Dummy1"
134,"Academy_Initial_Region_Dummy2"
135,"Academy_Initial_Mirror_Dummy"
136,"Academy_Initial_Mirror_Mirror_Dummy"
137,"Academy_Tunnels_Monster_Dummy1"
138,"Academy_Tunnels_Monster_Dummy2"
139,"Academy_Tunnels_Monster_Dummy3"
140,"Academy_Tunnels_Hole_Yellow_Gems_Dummy"
141,"Tunnel_Dragon_Gem_Ghost"
142,"Tunnel_Sound_Monster1"
143,"Tunnel_Sound_Monster2"
144,"Tunnel_Sound_Monster3"
145,"Tunnel_Sound_Monster4"
146,"Tunnel_Sound_Monster5"
147,"Tunnel_Sound_Monster6"
148,"Tunnel_Sound_Monster7"
149,"Tunnel_Sound_Monster8"
150,"Tunnel_Sound_Monster9"
151,"Tunnel_Sound_Monster10"
152,"Tunnel_Mirror_Doors_Dummy"
153,"Tunnel_Meat_Monster"
154,"Tunnel_Two_Ways_Dummy"
155,"Tunnel_Two_Ways_Monster"
156,"Academy_Summoning_Rope_Dummy"
157,"Academy_Summoning_Broken_Door_Dummy"
158,"Academy_Summoning_Level_Up_Door_Dummy"
159,"Academy_Summoning_Lab_Secret_Door_Dummy"
160,"Academy_Summoning_Fire_Dummy"
161,"Academy_Summoning_Lightning_Dummy"
162,"Academy_Summoning_Frost_Dummy"
163,"Academy_Summoning_Poison_Dummy"
164,"Academy_Summoning_Rune_Keeper"
165,"Academy_Golem_Of_Emotions"
166,"Academy_Truth_Fire_Elemental"
167,"Academy_Truth_Water_Elemental"
168,"Academy_Dream_Experiment"
169,"Academy_Dream_Duck_Dummy1"
170,"Academy_Dream_Duck_Dummy2"
171,"Academy_Dream_Duck_Dummy3"
172,"Academy_Dream_Graveyard1"
173,"Academy_Dream_Graveyard2"
174,"Academy_Dream_Graveyard3"
175,"Academy_Dream_Graveyard4"
176,"Academy_Dream_Spider"
177,"Academy_Dream_Statue"
178,"Academy_Dream_Imp"
179,"Academy_Rift_To_The_Past"
180,"Academy_Past_Guard1"
181,"Academy_Past_Guard2"
182,"Academy_Little_Girl"
183,"Academy_Advancecd_Skeleton1"
184,"Academy_Advancecd_Skeleton2"
185,"Academy_Advancecd_Skeleton3"
186,"Academy_Advanced_Skeleton4"
187,"Academy_Dream_Witch"
188,"Academy_Advanced_False_Walls_Dummy"
189,"Summon4_Demon1"
190,"Summon4_Demon2"
191,"Summon4_Demon3"
192,"Summoning_Test2_Elemental1"
193,"Summoning_Test2_Elemental2"
194,"Summoning_Test2_Elemental3"
195,"Summoning_Test2_Elemental4"
196,"Rule_Dummy1"
197,"Rule_Dummy2"
198,"Rule_Dummy3"
199,"Rule_Dummy4"
200,"Rule_Dummy5"
201,"Rule_Dummy6"
202,"Rule_Dummy7"
203,"Rule_Dummy8"
204,"Rule_Dummy9"
205,"Rule_Dummy10"
206,"Rule_Dummy11"
207,"Rule_Dummy12"
208,"Rule_Dummy13"
209,"Rule_Dummy14"
210,"Rule_Dummy15"
211,"Rule_Dummy16"
212,"Rift_Wand"
213,"Rift_Test"
214,"Summoning_Map_Stone"
215,"Lab_Go_Away"
216,"Summon_Test2_Dummy"
217,"Summon_Test3_Dummy"
218,"Advanced_Statue_Dummy"
219,"Knowledge_Test1_Dummy"
220,"Knowledge_Test2_Dummy"
221,"Knowledge_Test3_Dummy"
222,"Knowledge_Test4_Dummy"
